5110.c:12:6:setup_LCD_GPIOs	8	static
5110.c:24:6:PCD8544_write	24	static
5110.c:69:6:PCD8544_reset	8	static
5110.c:80:6:PCD8544_init	8	static
5110.c:96:6:PCD8544_backlight_state	16	static
5110.c:111:6:PCD8544_set_contrast	16	static
5110.c:124:6:PCD8544_set_cursor	16	static
5110.c:131:6:PCD8544_print_char	24	static
5110.c:148:6:PCD8544_print_custom_char	24	static
5110.c:159:6:PCD8544_fill	24	static
5110.c:172:6:PCD8544_clear_buffer	24	static
5110.c:187:6:PCD8544_clear_screen	24	static
5110.c:201:6:PCD8544_print_string	16	static
5110.c:212:6:print_chr	24	static
5110.c:270:6:print_int	24	static
5110.c:389:6:print_decimal	24	static
5110.c:424:6:print_float	40	static
5110.c:470:6:Draw_Pixel	24	static
