5110.c:11:6:setup_LCD_GPIOs	8	static
5110.c:23:6:PCD8544_write	24	static
5110.c:68:6:PCD8544_reset	8	static
5110.c:79:6:PCD8544_init	8	static
5110.c:95:6:PCD8544_backlight_state	16	static
5110.c:110:6:PCD8544_set_contrast	16	static
5110.c:123:6:PCD8544_set_cursor	16	static
5110.c:130:6:PCD8544_print_char	24	static
5110.c:147:6:PCD8544_print_custom_char	24	static
5110.c:158:6:PCD8544_fill	24	static
5110.c:171:6:PCD8544_clear_buffer	24	static
5110.c:186:6:PCD8544_clear_screen	24	static
5110.c:200:6:PCD8544_print_string	16	static
5110.c:211:6:print_chr	24	static
5110.c:269:6:print_int	24	static
5110.c:388:6:print_decimal	24	static
5110.c:423:6:print_float	40	static
5110.c:469:6:Draw_Pixel	24	static
5110.c:502:6:LCD5110_setup	8	static
