main.c:86:5:main	16	static
main.c:481:6:SystemClock_Config	72	static
main.c:519:13:MX_TIM1_Init	96	static
main.c:607:13:MX_TIM4_Init	32	static
main.c:652:13:MX_USART3_UART_Init	8	static
main.c:685:13:MX_GPIO_Init	40	static
main.c:739:6:bam_xung	24	static
main.c:750:6:Delay_us	16	static
main.c:759:6:Set_Pin_Output	32	static
main.c:770:6:Set_Pin_Input	32	static
main.c:780:6:DHT_Start	8	static
main.c:791:9:DHT_Check_Response	16	static
main.c:813:9:DHT_Read_Data	16	static
main.c:853:1:__io_putchar	16	static
main.c:866:6:Error_Handler	4	static
