main.c:260:5:main	64	static
main.c:372:6:SystemClock_Config	72	static
main.c:410:13:MX_GPIO_Init	32	static
main.c:434:6:setup_LCD_GPIOs	8	static
main.c:461:6:PCD8544_write	24	static
main.c:506:6:PCD8544_reset	8	static
main.c:517:6:PCD8544_init	8	static
main.c:533:6:PCD8544_backlight_state	16	static
main.c:548:6:PCD8544_set_contrast	16	static
main.c:561:6:PCD8544_set_cursor	16	static
main.c:568:6:PCD8544_print_char	24	static
main.c:585:6:PCD8544_print_custom_char	24	static
main.c:596:6:PCD8544_fill	24	static
main.c:609:6:PCD8544_clear_buffer	24	static
main.c:624:6:PCD8544_clear_screen	24	static
main.c:638:6:PCD8544_print_string	16	static
main.c:649:6:print_chr	24	static
main.c:707:6:print_int	24	static
main.c:826:6:print_decimal	24	static
main.c:861:6:print_float	40	static
main.c:907:6:Draw_Pixel	24	static
main.c:939:6:setup	8	static
main.c:950:6:Error_Handler	4	static
